PANIC at _private.LemLib.0.failwithIImpl LemLib:168:2: DefaultImpl.type_alias_map has no alias for an N-family width of 128 (ocaml_implementation.ml:39-44, :155-160: Option.get raises on the oracle); zero-discrepancy Z2-I-03
backtrace:
/home/dev/.elan/toolchains/leanprover--lean4---v4.32.2/bin/../lib/lean/libleanshared.so(+0x93331f5) [0x7fc1cc5331f5]
/home/dev/.elan/toolchains/leanprover--lean4---v4.32.2/bin/../lib/lean/libleanshared.so(+0x932a917) [0x7fc1cc52a917]
/home/dev/.elan/toolchains/leanprover--lean4---v4.32.2/bin/../lib/lean/libleanshared.so(lean_panic_fn_borrowed+0x2b) [0x7fc1cc52a9fb]
/home/dev/.elan/toolchains/leanprover--lean4---v4.32.2/bin/../lib/lean/libleanshared.so(panic [boxed, arity↓]+0x9) [0x7fc1c6516ab9]
/home/dev/.elan/toolchains/leanprover--lean4---v4.32.2/bin/../lib/lean/libleanshared.so(+0x931741d) [0x7fc1cc51741d]
/home/dev/.elan/toolchains/leanprover--lean4---v4.32.2/bin/../lib/lean/libleanshared.so(+0x9315942) [0x7fc1cc515942]
/home/dev/.elan/toolchains/leanprover--lean4---v4.32.2/bin/../lib/lean/libleanshared.so(+0x93175d6) [0x7fc1cc5175d6]
/home/dev/.elan/toolchains/leanprover--lean4---v4.32.2/bin/../lib/lean/libleanshared.so(+0x9315942) [0x7fc1cc515942]
/home/dev/.elan/toolchains/leanprover--lean4---v4.32.2/bin/../lib/lean/libleanshared.so(+0x93175d6) [0x7fc1cc5175d6]
/home/dev/.elan/toolchains/leanprover--lean4---v4.32.2/bin/../lib/lean/libleanshared.so(+0x9315942) [0x7fc1cc515942]
/home/dev/.elan/toolchains/leanprover--lean4---v4.32.2/bin/../lib/lean/libleanshared.so(+0x93175d6) [0x7fc1cc5175d6]
/home/dev/.elan/toolchains/leanprover--lean4---v4.32.2/bin/../lib/lean/libleanshared.so(+0x9315942) [0x7fc1cc515942]
/home/dev/.elan/toolchains/leanprover--lean4---v4.32.2/bin/../lib/lean/libleanshared.so(+0x93175d6) [0x7fc1cc5175d6]
/home/dev/.elan/toolchains/leanprover--lean4---v4.32.2/bin/../lib/lean/libleanshared.so(+0x9315942) [0x7fc1cc515942]
/home/dev/.elan/toolchains/leanprover--lean4---v4.32.2/bin/../lib/lean/libleanshared.so(+0x93175d6) [0x7fc1cc5175d6]
/home/dev/.elan/toolchains/leanprover--lean4---v4.32.2/bin/../lib/lean/libleanshared.so(+0x9315942) [0x7fc1cc515942]
/home/dev/.elan/toolchains/leanprover--lean4---v4.32.2/bin/../lib/lean/libleanshared.so(+0x9313618) [0x7fc1cc513618]
/home/dev/.elan/toolchains/leanprover--lean4---v4.32.2/bin/../lib/lean/libleanshared.so(+0x9315942) [0x7fc1cc515942]
/home/dev/.elan/toolchains/leanprover--lean4---v4.32.2/bin/../lib/lean/libleanshared.so(+0x9313618) [0x7fc1cc513618]
/home/dev/.elan/toolchains/leanprover--lean4---v4.32.2/bin/../lib/lean/libleanshared.so(+0x9315942) [0x7fc1cc515942]
/home/dev/.elan/toolchains/leanprover--lean4---v4.32.2/bin/../lib/lean/libleanshared.so(+0x9313618) [0x7fc1cc513618]
/home/dev/.elan/toolchains/leanprover--lean4---v4.32.2/bin/../lib/lean/libleanshared.so(+0x9312955) [0x7fc1cc512955]
/home/dev/.elan/toolchains/leanprover--lean4---v4.32.2/bin/../lib/lean/libleanshared.so(+0x93120d7) [0x7fc1cc5120d7]
/home/dev/.elan/toolchains/leanprover--lean4---v4.32.2/bin/../lib/lean/libleanshared.so(+0x9311424) [0x7fc1cc511424]
/home/dev/.elan/toolchains/leanprover--lean4---v4.32.2/bin/../lib/lean/libleanshared.so(lean_eval_const+0x2d) [0x7fc1cc5117dd]
/home/dev/.elan/toolchains/leanprover--lean4---v4.32.2/bin/../lib/lean/libleanshared.so(Lean.evalConst [arity↓] spec at Lean.Elab.Command.elabEvalCoreUnsafe[λ] spec at Lean.Elab.Command.elabEvalCoreUnsafe+0x1cd) [0x7fc1cbcacbad]
/home/dev/.elan/toolchains/leanprover--lean4---v4.32.2/bin/../lib/lean/libleanshared.so(Lean.Elab.Command.elabEvalCoreUnsafe._elam_1 [arity↓] spec at Lean.Elab.Command.elabEvalCoreUnsafe+0x1558) [0x7fc1cbcb61d8]
/home/dev/.elan/toolchains/leanprover--lean4---v4.32.2/bin/../lib/lean/libleanshared.so(Lean.Elab.Command.elabEvalCoreUnsafe [λ]+0x6cf) [0x7fc1cbcb7e0f]
/home/dev/.elan/toolchains/leanprover--lean4---v4.32.2/bin/../lib/lean/libleanshared.so(Lean.Elab.Command.elabEvalCoreUnsafe [boxed, λ]+0x45) [0x7fc1cbcb82e5]
/home/dev/.elan/toolchains/leanprover--lean4---v4.32.2/bin/../lib/lean/libleanshared.so(<apply/7>+0x84e) [0x7fc1cc53ff6e]
/home/dev/.elan/toolchains/leanprover--lean4---v4.32.2/bin/../lib/lean/libleanshared.so(Lean.Elab.withSavedPartialInfoContext [arity↓, private] spec at Lean.Elab.withSaveInfoContext spec at Lean.Elab.Command.elabEvalCoreUnsafe+0x147) [0x7fc1cbcbb627]
/home/dev/.elan/toolchains/leanprover--lean4---v4.32.2/bin/../lib/lean/libleanshared.so(Lean.Elab.withSaveInfoContext [boxed] spec at Lean.Elab.Command.elabEvalCoreUnsafe+0x33) [0x7fc1cbcbbfc3]
/home/dev/.elan/toolchains/leanprover--lean4---v4.32.2/bin/../lib/lean/libleanshared.so(<apply/7>+0x786) [0x7fc1cc53fea6]
/home/dev/.elan/toolchains/leanprover--lean4---v4.32.2/bin/../lib/lean/libleanshared.so(Lean.withDeclNameForAuxNaming [arity↓] spec at Lean.Elab.Term.withDeclName+0x3f8) [0x7fc1c8318318]
/home/dev/.elan/toolchains/leanprover--lean4---v4.32.2/bin/../lib/lean/libleanshared.so(Lean.withDeclNameForAuxNaming [boxed] spec at Lean.Elab.Term.withDeclName+0x3d) [0x7fc1c831894d]
/home/dev/.elan/toolchains/leanprover--lean4---v4.32.2/bin/../lib/lean/libleanshared.so(<apply/7>+0x786) [0x7fc1cc53fea6]
/home/dev/.elan/toolchains/leanprover--lean4---v4.32.2/bin/../lib/lean/libleanshared.so(Lean.Elab.withSavedPartialInfoContext [arity↓, private] spec at Lean.Elab.withSaveParentDeclInfoContext spec at Lean.Elab.Term.withDeclName+0x147) [0x7fc1c831b537]
/home/dev/.elan/toolchains/leanprover--lean4---v4.32.2/bin/../lib/lean/libleanshared.so(Lean.Elab.Term.withDeclName [arity↓]+0x244) [0x7fc1c831c0d4]
/home/dev/.elan/toolchains/leanprover--lean4---v4.32.2/bin/../lib/lean/libleanshared.so(Lean.Elab.Command.elabEvalCoreUnsafe [λ]+0xbb) [0x7fc1cbcbc19b]
/home/dev/.elan/toolchains/leanprover--lean4---v4.32.2/bin/../lib/lean/libleanshared.so(Lean.Elab.Command.elabEvalCoreUnsafe [boxed, λ]+0x34) [0x7fc1cbcbc214]
/home/dev/.elan/toolchains/leanprover--lean4---v4.32.2/bin/../lib/lean/libleanshared.so(<apply/7>+0x786) [0x7fc1cc53fea6]
/home/dev/.elan/toolchains/leanprover--lean4---v4.32.2/bin/../lib/lean/libleanshared.so(Lean.Elab.Term.withoutAutoBoundImplicit [arity↓]+0x1f3) [0x7fc1c838a403]
/home/dev/.elan/toolchains/leanprover--lean4---v4.32.2/bin/../lib/lean/libleanshared.so(Lean.Elab.Command.runTermElabM [λ, arity↓]+0x704) [0x7fc1c8466494]
/home/dev/.elan/toolchains/leanprover--lean4---v4.32.2/bin/../lib/lean/libleanshared.so(Lean.Elab.Command.runTermElabM [boxed, λ, arity↓]+0x31) [0x7fc1c8466b01]
/home/dev/.elan/toolchains/leanprover--lean4---v4.32.2/bin/../lib/lean/libleanshared.so(<apply/8>+0x5e5) [0x7fc1cc541035]
/home/dev/.elan/toolchains/leanprover--lean4---v4.32.2/bin/../lib/lean/libleanshared.so(Lean.Elab.Term.elabBinders [λ, arity↓]+0xb8) [0x7fc1c8549018]
/home/dev/.elan/toolchains/leanprover--lean4---v4.32.2/bin/../lib/lean/libleanshared.so(Lean.Elab.Term.elabBinders [boxed, λ, arity↓]+0x29) [0x7fc1c8549099]
/home/dev/.elan/toolchains/leanprover--lean4---v4.32.2/bin/../lib/lean/libleanshared.so(<apply/8>+0x7c1) [0x7fc1cc541211]
/home/dev/.elan/toolchains/leanprover--lean4---v4.32.2/bin/../lib/lean/libleanshared.so(Lean.Elab.Term.elabBindersEx [λ, arity↓]+0xd3) [0x7fc1c8548773]
/home/dev/.elan/toolchains/leanprover--lean4---v4.32.2/bin/../lib/lean/libleanshared.so(Lean.Elab.Term.elabBindersEx [boxed, λ, arity↓]+0x37) [0x7fc1c8548857]
/home/dev/.elan/toolchains/leanprover--lean4---v4.32.2/bin/../lib/lean/libleanshared.so(<apply/7>+0x786) [0x7fc1cc53fea6]
/home/dev/.elan/toolchains/leanprover--lean4---v4.32.2/bin/../lib/lean/libleanshared.so(Lean.Elab.Term.universeConstraintsCheckpoint [arity↓]+0x98) [0x7fc1c839eb88]
/home/dev/.elan/toolchains/leanprover--lean4---v4.32.2/bin/../lib/lean/libleanshared.so(Lean.Elab.Term.elabBinders [boxed]+0xc2) [0x7fc1c85495f2]
/home/dev/.elan/toolchains/leanprover--lean4---v4.32.2/bin/../lib/lean/libleanshared.so(<apply/7>+0x786) [0x7fc1cc53fea6]
/home/dev/.elan/toolchains/leanprover--lean4---v4.32.2/bin/../lib/lean/libleanshared.so(Lean.Elab.Term.withAutoBoundImplicit [arity↓]+0x32b) [0x7fc1c8389beb]
/home/dev/.elan/toolchains/leanprover--lean4---v4.32.2/bin/../lib/lean/libleanshared.so(Lean.Elab.Term.withAutoBoundImplicit [boxed]+0x3c) [0x7fc1c838a0fc]
/home/dev/.elan/toolchains/leanprover--lean4---v4.32.2/bin/../lib/lean/libleanshared.so(<apply/7>+0x786) [0x7fc1cc53fea6]
/home/dev/.elan/toolchains/leanprover--lean4---v4.32.2/bin/../lib/lean/libleanshared.so(Lean.Elab.withSavedPartialInfoContext [arity↓, private] spec at Lean.Elab.withSaveInfoContext spec at Lean.Elab.Command.liftTermElabM+0x147) [0x7fc1c8462a37]
/home/dev/.elan/toolchains/leanprover--lean4---v4.32.2/bin/../lib/lean/libleanshared.so(Lean.Elab.Command.liftTermElabM [λ, arity↓]+0x38) [0x7fc1c84633c8]
/home/dev/.elan/toolchains/leanprover--lean4---v4.32.2/bin/../lib/lean/libleanshared.so(Lean.Elab.Command.liftTermElabM [boxed, λ, arity↓]+0x28) [0x7fc1c8463838]
/home/dev/.elan/toolchains/leanprover--lean4---v4.32.2/bin/../lib/lean/libleanshared.so(<apply/7>+0x94e) [0x7fc1cc54006e]
/home/dev/.elan/toolchains/leanprover--lean4---v4.32.2/bin/../lib/lean/libleanshared.so(Lean.Elab.Term.TermElabM.run [arity↓]+0x221) [0x7fc1c839d1d1]
/home/dev/.elan/toolchains/leanprover--lean4---v4.32.2/bin/../lib/lean/libleanshared.so(Lean.Elab.Command.liftTermElabM [λ, arity↓]+0x42) [0x7fc1c8463992]
/home/dev/.elan/toolchains/leanprover--lean4---v4.32.2/bin/../lib/lean/libleanshared.so(Lean.Elab.Command.liftTermElabM [boxed, λ, arity↓]+0x1d) [0x7fc1c8463b7d]
/home/dev/.elan/toolchains/leanprover--lean4---v4.32.2/bin/../lib/lean/libleanshared.so(<apply/3>+0xb5b) [0x7fc1cc53a52b]
/home/dev/.elan/toolchains/leanprover--lean4---v4.32.2/bin/../lib/lean/libleanshared.so(Lean.Elab.Command.runCore [arity↓, private]+0xd0c) [0x7fc1c841313c]
/home/dev/.elan/toolchains/leanprover--lean4---v4.32.2/bin/../lib/lean/libleanshared.so(Lean.Elab.Command.liftTermElabM [arity↓]+0x272) [0x7fc1c8463e62]
/home/dev/.elan/toolchains/leanprover--lean4---v4.32.2/bin/../lib/lean/libleanshared.so(Lean.Elab.Command.runTermElabM [boxed]+0x18) [0x7fc1c8466ec8]
/home/dev/.elan/toolchains/leanprover--lean4---v4.32.2/bin/../lib/lean/libleanshared.so(<apply/3>+0x8ff) [0x7fc1cc53a2cf]
/home/dev/.elan/toolchains/leanprover--lean4---v4.32.2/bin/../lib/lean/libleanshared.so(Lean.withEnv [arity↓] spec at Lean.Elab.Command.elabEvalCoreUnsafe+0x94) [0x7fc1cbcbc714]
/home/dev/.elan/toolchains/leanprover--lean4---v4.32.2/bin/../lib/lean/libleanshared.so(Lean.Elab.Command.elabEvalCoreUnsafe [λ]+0x5a) [0x7fc1cbcbcaaa]
/home/dev/.elan/toolchains/leanprover--lean4---v4.32.2/bin/../lib/lean/libleanshared.so(<apply/3>+0xaf1) [0x7fc1cc53a4c1]
/home/dev/.elan/toolchains/leanprover--lean4---v4.32.2/bin/../lib/lean/libleanshared.so(IO.withStderr [arity↓] spec at IO.FS.withIsolatedStreams spec at Lean.Elab.Command.elabEvalCoreUnsafe+0x52) [0x7fc1cbcbd582]
/home/dev/.elan/toolchains/leanprover--lean4---v4.32.2/bin/../lib/lean/libleanshared.so(IO.withStderr [boxed] spec at IO.FS.withIsolatedStreams spec at Lean.Elab.Command.elabEvalCoreUnsafe+0x1b) [0x7fc1cbcbd91b]
/home/dev/.elan/toolchains/leanprover--lean4---v4.32.2/bin/../lib/lean/libleanshared.so(<apply/3>+0x970) [0x7fc1cc53a340]
/home/dev/.elan/toolchains/leanprover--lean4---v4.32.2/bin/../lib/lean/libleanshared.so(IO.withStdout [arity↓] spec at IO.FS.withIsolatedStreams spec at Lean.Elab.Command.elabEvalCoreUnsafe+0x52) [0x7fc1cbcbdaa2]
/home/dev/.elan/toolchains/leanprover--lean4---v4.32.2/bin/../lib/lean/libleanshared.so(IO.withStdout [boxed] spec at IO.FS.withIsolatedStreams spec at Lean.Elab.Command.elabEvalCoreUnsafe+0x1b) [0x7fc1cbcbde3b]
/home/dev/.elan/toolchains/leanprover--lean4---v4.32.2/bin/../lib/lean/libleanshared.so(<apply/3>+0x970) [0x7fc1cc53a340]
/home/dev/.elan/toolchains/leanprover--lean4---v4.32.2/bin/../lib/lean/libleanshared.so(IO.withStdin [arity↓] spec at IO.FS.withIsolatedStreams spec at Lean.Elab.Command.elabEvalCoreUnsafe+0x52) [0x7fc1cbcbd0e2]
/home/dev/.elan/toolchains/leanprover--lean4---v4.32.2/bin/../lib/lean/libleanshared.so(IO.FS.withIsolatedStreams [arity↓] spec at Lean.Elab.Command.elabEvalCoreUnsafe+0x106) [0x7fc1cbcbdf96]
/home/dev/.elan/toolchains/leanprover--lean4---v4.32.2/bin/../lib/lean/libleanshared.so(Lean.Elab.Command.elabEvalCoreUnsafe+0x4af) [0x7fc1cbcc0a0f]
/home/dev/.elan/toolchains/leanprover--lean4---v4.32.2/bin/../lib/lean/libleanshared.so(Lean.Elab.Command.elabEval+0xaf) [0x7fc1cbcc3f8f]
/home/dev/.elan/toolchains/leanprover--lean4---v4.32.2/bin/../lib/lean/libleanshared.so(Lean.Elab.Command.elabEval [boxed]+0xf) [0x7fc1cbcc406f]
/home/dev/.elan/toolchains/leanprover--lean4---v4.32.2/bin/../lib/lean/libleanshared.so(<apply/3>+0xaf1) [0x7fc1cc53a4c1]
/home/dev/.elan/toolchains/leanprover--lean4---v4.32.2/bin/../lib/lean/libleanshared.so(Lean.Elab.withInfoTreeContext [arity↓] spec at Lean.Elab.Command.elabCommandUsing+0xd5) [0x7fc1c843f365]
/home/dev/.elan/toolchains/leanprover--lean4---v4.32.2/bin/../lib/lean/libleanshared.so(Lean.Elab.withInfoTreeContext [boxed] spec at Lean.Elab.Command.elabCommandUsing+0x1b) [0x7fc1c843f8fb]
/home/dev/.elan/toolchains/leanprover--lean4---v4.32.2/bin/../lib/lean/libleanshared.so(<apply/3>+0x970) [0x7fc1cc53a340]
/home/dev/.elan/toolchains/leanprover--lean4---v4.32.2/bin/../lib/lean/libleanshared.so(Lean.Elab.Command.elabCommandUsing [private]+0x25e) [0x7fc1c844065e]
/home/dev/.elan/toolchains/leanprover--lean4---v4.32.2/bin/../lib/lean/libleanshared.so(Lean.Elab.Command.elabCommand.go [boxed, λ, private]+0xf) [0x7fc1c8457adf]
/home/dev/.elan/toolchains/leanprover--lean4---v4.32.2/bin/../lib/lean/libleanshared.so(<apply/3>+0x8ff) [0x7fc1cc53a2cf]
/home/dev/.elan/toolchains/leanprover--lean4---v4.32.2/bin/../lib/lean/libleanshared.so(Lean.Elab.Command.elabCommand.go [λ, private]+0x34c) [0x7fc1c84432fc]
/home/dev/.elan/toolchains/leanprover--lean4---v4.32.2/bin/../lib/lean/libleanshared.so(Lean.Elab.Command.elabCommand.go [boxed, λ, private]+0xf) [0x7fc1c84439af]
/home/dev/.elan/toolchains/leanprover--lean4---v4.32.2/bin/../lib/lean/libleanshared.so(<apply/3>+0x8ff) [0x7fc1cc53a2cf]
/home/dev/.elan/toolchains/leanprover--lean4---v4.32.2/bin/../lib/lean/libleanshared.so(Lean.Elab.withLogging spec at Lean.Elab.Command.elabCommand.go+0x41) [0x7fc1c8442e11]
/home/dev/.elan/toolchains/leanprover--lean4---v4.32.2/bin/../lib/lean/libleanshared.so(Lean.Elab.Command.elabCommand+0x13) [0x7fc1c844b0d3]
/home/dev/.elan/toolchains/leanprover--lean4---v4.32.2/bin/../lib/lean/libleanshared.so(Lean.Elab.Command.elabCommandTopLevel [λ]+0x4a0) [0x7fc1c845bf40]
/home/dev/.elan/toolchains/leanprover--lean4---v4.32.2/bin/../lib/lean/libleanshared.so(Lean.Elab.Command.elabCommandTopLevel [boxed, λ]+0xf) [0x7fc1c845c6df]
/home/dev/.elan/toolchains/leanprover--lean4---v4.32.2/bin/../lib/lean/libleanshared.so(<apply/3>+0x970) [0x7fc1cc53a340]
/home/dev/.elan/toolchains/leanprover--lean4---v4.32.2/bin/../lib/lean/libleanshared.so(Lean.Elab.Command.withInitQuotContext+0x7f2) [0x7fc1c8459dd2]
/home/dev/.elan/toolchains/leanprover--lean4---v4.32.2/bin/../lib/lean/libleanshared.so(Lean.Elab.Command.elabCommandTopLevel [λ]+0x795) [0x7fc1c845ced5]
/home/dev/projects/cerberus-lean-proj/worktrees/cerberus-lean-audit/enum-premerge-20260920/scripts/capped: line 55: 90408 Aborted                 (core dumped) "$@"
