PANIC at _private.LemLib.0.failwithIImpl LemLib:168:2: DefaultImpl.type_alias_map has no alias for an N-family width of 128 (ocaml_implementation.ml:39-44, :155-160: Option.get raises on the oracle); zero-discrepancy Z2-I-03
backtrace:
/home/dev/.elan/toolchains/leanprover--lean4---v4.32.2/bin/../lib/lean/libleanshared.so(+0x93331f5) [0x7c6daf1331f5]
/home/dev/.elan/toolchains/leanprover--lean4---v4.32.2/bin/../lib/lean/libleanshared.so(+0x932a917) [0x7c6daf12a917]
/home/dev/.elan/toolchains/leanprover--lean4---v4.32.2/bin/../lib/lean/libleanshared.so(lean_panic_fn_borrowed+0x2b) [0x7c6daf12a9fb]
/home/dev/.elan/toolchains/leanprover--lean4---v4.32.2/bin/../lib/lean/libleanshared.so(panic [boxed, arity↓]+0x9) [0x7c6da9116ab9]
/home/dev/.elan/toolchains/leanprover--lean4---v4.32.2/bin/../lib/lean/libleanshared.so(+0x931741d) [0x7c6daf11741d]
/home/dev/.elan/toolchains/leanprover--lean4---v4.32.2/bin/../lib/lean/libleanshared.so(+0x9315942) [0x7c6daf115942]
/home/dev/.elan/toolchains/leanprover--lean4---v4.32.2/bin/../lib/lean/libleanshared.so(+0x93175d6) [0x7c6daf1175d6]
/home/dev/.elan/toolchains/leanprover--lean4---v4.32.2/bin/../lib/lean/libleanshared.so(+0x9315942) [0x7c6daf115942]
/home/dev/.elan/toolchains/leanprover--lean4---v4.32.2/bin/../lib/lean/libleanshared.so(+0x93175d6) [0x7c6daf1175d6]
/home/dev/.elan/toolchains/leanprover--lean4---v4.32.2/bin/../lib/lean/libleanshared.so(+0x9315942) [0x7c6daf115942]
/home/dev/.elan/toolchains/leanprover--lean4---v4.32.2/bin/../lib/lean/libleanshared.so(+0x93175d6) [0x7c6daf1175d6]
/home/dev/.elan/toolchains/leanprover--lean4---v4.32.2/bin/../lib/lean/libleanshared.so(+0x9315942) [0x7c6daf115942]
/home/dev/.elan/toolchains/leanprover--lean4---v4.32.2/bin/../lib/lean/libleanshared.so(+0x93175d6) [0x7c6daf1175d6]
/home/dev/.elan/toolchains/leanprover--lean4---v4.32.2/bin/../lib/lean/libleanshared.so(+0x9315942) [0x7c6daf115942]
/home/dev/.elan/toolchains/leanprover--lean4---v4.32.2/bin/../lib/lean/libleanshared.so(+0x93175d6) [0x7c6daf1175d6]
/home/dev/.elan/toolchains/leanprover--lean4---v4.32.2/bin/../lib/lean/libleanshared.so(+0x9315942) [0x7c6daf115942]
/home/dev/.elan/toolchains/leanprover--lean4---v4.32.2/bin/../lib/lean/libleanshared.so(+0x9313618) [0x7c6daf113618]
/home/dev/.elan/toolchains/leanprover--lean4---v4.32.2/bin/../lib/lean/libleanshared.so(+0x9315942) [0x7c6daf115942]
/home/dev/.elan/toolchains/leanprover--lean4---v4.32.2/bin/../lib/lean/libleanshared.so(+0x9313618) [0x7c6daf113618]
/home/dev/.elan/toolchains/leanprover--lean4---v4.32.2/bin/../lib/lean/libleanshared.so(+0x9315942) [0x7c6daf115942]
/home/dev/.elan/toolchains/leanprover--lean4---v4.32.2/bin/../lib/lean/libleanshared.so(+0x9313618) [0x7c6daf113618]
/home/dev/.elan/toolchains/leanprover--lean4---v4.32.2/bin/../lib/lean/libleanshared.so(+0x9312955) [0x7c6daf112955]
/home/dev/.elan/toolchains/leanprover--lean4---v4.32.2/bin/../lib/lean/libleanshared.so(+0x93120d7) [0x7c6daf1120d7]
/home/dev/.elan/toolchains/leanprover--lean4---v4.32.2/bin/../lib/lean/libleanshared.so(+0x9311424) [0x7c6daf111424]
/home/dev/.elan/toolchains/leanprover--lean4---v4.32.2/bin/../lib/lean/libleanshared.so(lean_eval_const+0x2d) [0x7c6daf1117dd]
/home/dev/.elan/toolchains/leanprover--lean4---v4.32.2/bin/../lib/lean/libleanshared.so(Lean.evalConst [arity↓] spec at Lean.Elab.Command.elabEvalCoreUnsafe[λ] spec at Lean.Elab.Command.elabEvalCoreUnsafe+0x1cd) [0x7c6dae8acbad]
/home/dev/.elan/toolchains/leanprover--lean4---v4.32.2/bin/../lib/lean/libleanshared.so(Lean.Elab.Command.elabEvalCoreUnsafe._elam_1 [arity↓] spec at Lean.Elab.Command.elabEvalCoreUnsafe+0x1558) [0x7c6dae8b61d8]
/home/dev/.elan/toolchains/leanprover--lean4---v4.32.2/bin/../lib/lean/libleanshared.so(Lean.Elab.Command.elabEvalCoreUnsafe [λ]+0x6cf) [0x7c6dae8b7e0f]
/home/dev/.elan/toolchains/leanprover--lean4---v4.32.2/bin/../lib/lean/libleanshared.so(Lean.Elab.Command.elabEvalCoreUnsafe [boxed, λ]+0x45) [0x7c6dae8b82e5]
/home/dev/.elan/toolchains/leanprover--lean4---v4.32.2/bin/../lib/lean/libleanshared.so(<apply/7>+0x84e) [0x7c6daf13ff6e]
/home/dev/.elan/toolchains/leanprover--lean4---v4.32.2/bin/../lib/lean/libleanshared.so(Lean.Elab.withSavedPartialInfoContext [arity↓, private] spec at Lean.Elab.withSaveInfoContext spec at Lean.Elab.Command.elabEvalCoreUnsafe+0x147) [0x7c6dae8bb627]
/home/dev/.elan/toolchains/leanprover--lean4---v4.32.2/bin/../lib/lean/libleanshared.so(Lean.Elab.withSaveInfoContext [boxed] spec at Lean.Elab.Command.elabEvalCoreUnsafe+0x33) [0x7c6dae8bbfc3]
/home/dev/.elan/toolchains/leanprover--lean4---v4.32.2/bin/../lib/lean/libleanshared.so(<apply/7>+0x786) [0x7c6daf13fea6]
/home/dev/.elan/toolchains/leanprover--lean4---v4.32.2/bin/../lib/lean/libleanshared.so(Lean.withDeclNameForAuxNaming [arity↓] spec at Lean.Elab.Term.withDeclName+0x3f8) [0x7c6daaf18318]
/home/dev/.elan/toolchains/leanprover--lean4---v4.32.2/bin/../lib/lean/libleanshared.so(Lean.withDeclNameForAuxNaming [boxed] spec at Lean.Elab.Term.withDeclName+0x3d) [0x7c6daaf1894d]
/home/dev/.elan/toolchains/leanprover--lean4---v4.32.2/bin/../lib/lean/libleanshared.so(<apply/7>+0x786) [0x7c6daf13fea6]
/home/dev/.elan/toolchains/leanprover--lean4---v4.32.2/bin/../lib/lean/libleanshared.so(Lean.Elab.withSavedPartialInfoContext [arity↓, private] spec at Lean.Elab.withSaveParentDeclInfoContext spec at Lean.Elab.Term.withDeclName+0x147) [0x7c6daaf1b537]
/home/dev/.elan/toolchains/leanprover--lean4---v4.32.2/bin/../lib/lean/libleanshared.so(Lean.Elab.Term.withDeclName [arity↓]+0x244) [0x7c6daaf1c0d4]
/home/dev/.elan/toolchains/leanprover--lean4---v4.32.2/bin/../lib/lean/libleanshared.so(Lean.Elab.Command.elabEvalCoreUnsafe [λ]+0xbb) [0x7c6dae8bc19b]
/home/dev/.elan/toolchains/leanprover--lean4---v4.32.2/bin/../lib/lean/libleanshared.so(Lean.Elab.Command.elabEvalCoreUnsafe [boxed, λ]+0x34) [0x7c6dae8bc214]
/home/dev/.elan/toolchains/leanprover--lean4---v4.32.2/bin/../lib/lean/libleanshared.so(<apply/7>+0x786) [0x7c6daf13fea6]
/home/dev/.elan/toolchains/leanprover--lean4---v4.32.2/bin/../lib/lean/libleanshared.so(Lean.Elab.Term.withoutAutoBoundImplicit [arity↓]+0x1f3) [0x7c6daaf8a403]
/home/dev/.elan/toolchains/leanprover--lean4---v4.32.2/bin/../lib/lean/libleanshared.so(Lean.Elab.Command.runTermElabM [λ, arity↓]+0x704) [0x7c6dab066494]
/home/dev/.elan/toolchains/leanprover--lean4---v4.32.2/bin/../lib/lean/libleanshared.so(Lean.Elab.Command.runTermElabM [boxed, λ, arity↓]+0x31) [0x7c6dab066b01]
/home/dev/.elan/toolchains/leanprover--lean4---v4.32.2/bin/../lib/lean/libleanshared.so(<apply/8>+0x5e5) [0x7c6daf141035]
/home/dev/.elan/toolchains/leanprover--lean4---v4.32.2/bin/../lib/lean/libleanshared.so(Lean.Elab.Term.elabBinders [λ, arity↓]+0xb8) [0x7c6dab149018]
/home/dev/.elan/toolchains/leanprover--lean4---v4.32.2/bin/../lib/lean/libleanshared.so(Lean.Elab.Term.elabBinders [boxed, λ, arity↓]+0x29) [0x7c6dab149099]
/home/dev/.elan/toolchains/leanprover--lean4---v4.32.2/bin/../lib/lean/libleanshared.so(<apply/8>+0x7c1) [0x7c6daf141211]
/home/dev/.elan/toolchains/leanprover--lean4---v4.32.2/bin/../lib/lean/libleanshared.so(Lean.Elab.Term.elabBindersEx [λ, arity↓]+0xd3) [0x7c6dab148773]
/home/dev/.elan/toolchains/leanprover--lean4---v4.32.2/bin/../lib/lean/libleanshared.so(Lean.Elab.Term.elabBindersEx [boxed, λ, arity↓]+0x37) [0x7c6dab148857]
/home/dev/.elan/toolchains/leanprover--lean4---v4.32.2/bin/../lib/lean/libleanshared.so(<apply/7>+0x786) [0x7c6daf13fea6]
/home/dev/.elan/toolchains/leanprover--lean4---v4.32.2/bin/../lib/lean/libleanshared.so(Lean.Elab.Term.universeConstraintsCheckpoint [arity↓]+0x98) [0x7c6daaf9eb88]
/home/dev/.elan/toolchains/leanprover--lean4---v4.32.2/bin/../lib/lean/libleanshared.so(Lean.Elab.Term.elabBinders [boxed]+0xc2) [0x7c6dab1495f2]
/home/dev/.elan/toolchains/leanprover--lean4---v4.32.2/bin/../lib/lean/libleanshared.so(<apply/7>+0x786) [0x7c6daf13fea6]
/home/dev/.elan/toolchains/leanprover--lean4---v4.32.2/bin/../lib/lean/libleanshared.so(Lean.Elab.Term.withAutoBoundImplicit [arity↓]+0x32b) [0x7c6daaf89beb]
/home/dev/.elan/toolchains/leanprover--lean4---v4.32.2/bin/../lib/lean/libleanshared.so(Lean.Elab.Term.withAutoBoundImplicit [boxed]+0x3c) [0x7c6daaf8a0fc]
/home/dev/.elan/toolchains/leanprover--lean4---v4.32.2/bin/../lib/lean/libleanshared.so(<apply/7>+0x786) [0x7c6daf13fea6]
/home/dev/.elan/toolchains/leanprover--lean4---v4.32.2/bin/../lib/lean/libleanshared.so(Lean.Elab.withSavedPartialInfoContext [arity↓, private] spec at Lean.Elab.withSaveInfoContext spec at Lean.Elab.Command.liftTermElabM+0x147) [0x7c6dab062a37]
/home/dev/.elan/toolchains/leanprover--lean4---v4.32.2/bin/../lib/lean/libleanshared.so(Lean.Elab.Command.liftTermElabM [λ, arity↓]+0x38) [0x7c6dab0633c8]
/home/dev/.elan/toolchains/leanprover--lean4---v4.32.2/bin/../lib/lean/libleanshared.so(Lean.Elab.Command.liftTermElabM [boxed, λ, arity↓]+0x28) [0x7c6dab063838]
/home/dev/.elan/toolchains/leanprover--lean4---v4.32.2/bin/../lib/lean/libleanshared.so(<apply/7>+0x94e) [0x7c6daf14006e]
/home/dev/.elan/toolchains/leanprover--lean4---v4.32.2/bin/../lib/lean/libleanshared.so(Lean.Elab.Term.TermElabM.run [arity↓]+0x221) [0x7c6daaf9d1d1]
/home/dev/.elan/toolchains/leanprover--lean4---v4.32.2/bin/../lib/lean/libleanshared.so(Lean.Elab.Command.liftTermElabM [λ, arity↓]+0x42) [0x7c6dab063992]
/home/dev/.elan/toolchains/leanprover--lean4---v4.32.2/bin/../lib/lean/libleanshared.so(Lean.Elab.Command.liftTermElabM [boxed, λ, arity↓]+0x1d) [0x7c6dab063b7d]
/home/dev/.elan/toolchains/leanprover--lean4---v4.32.2/bin/../lib/lean/libleanshared.so(<apply/3>+0xb5b) [0x7c6daf13a52b]
/home/dev/.elan/toolchains/leanprover--lean4---v4.32.2/bin/../lib/lean/libleanshared.so(Lean.Elab.Command.runCore [arity↓, private]+0xd0c) [0x7c6dab01313c]
/home/dev/.elan/toolchains/leanprover--lean4---v4.32.2/bin/../lib/lean/libleanshared.so(Lean.Elab.Command.liftTermElabM [arity↓]+0x272) [0x7c6dab063e62]
/home/dev/.elan/toolchains/leanprover--lean4---v4.32.2/bin/../lib/lean/libleanshared.so(Lean.Elab.Command.runTermElabM [boxed]+0x18) [0x7c6dab066ec8]
/home/dev/.elan/toolchains/leanprover--lean4---v4.32.2/bin/../lib/lean/libleanshared.so(<apply/3>+0x8ff) [0x7c6daf13a2cf]
/home/dev/.elan/toolchains/leanprover--lean4---v4.32.2/bin/../lib/lean/libleanshared.so(Lean.withEnv [arity↓] spec at Lean.Elab.Command.elabEvalCoreUnsafe+0x94) [0x7c6dae8bc714]
/home/dev/.elan/toolchains/leanprover--lean4---v4.32.2/bin/../lib/lean/libleanshared.so(Lean.Elab.Command.elabEvalCoreUnsafe [λ]+0x5a) [0x7c6dae8bcaaa]
/home/dev/.elan/toolchains/leanprover--lean4---v4.32.2/bin/../lib/lean/libleanshared.so(<apply/3>+0xaf1) [0x7c6daf13a4c1]
/home/dev/.elan/toolchains/leanprover--lean4---v4.32.2/bin/../lib/lean/libleanshared.so(IO.withStderr [arity↓] spec at IO.FS.withIsolatedStreams spec at Lean.Elab.Command.elabEvalCoreUnsafe+0x52) [0x7c6dae8bd582]
/home/dev/.elan/toolchains/leanprover--lean4---v4.32.2/bin/../lib/lean/libleanshared.so(IO.withStderr [boxed] spec at IO.FS.withIsolatedStreams spec at Lean.Elab.Command.elabEvalCoreUnsafe+0x1b) [0x7c6dae8bd91b]
/home/dev/.elan/toolchains/leanprover--lean4---v4.32.2/bin/../lib/lean/libleanshared.so(<apply/3>+0x970) [0x7c6daf13a340]
/home/dev/.elan/toolchains/leanprover--lean4---v4.32.2/bin/../lib/lean/libleanshared.so(IO.withStdout [arity↓] spec at IO.FS.withIsolatedStreams spec at Lean.Elab.Command.elabEvalCoreUnsafe+0x52) [0x7c6dae8bdaa2]
/home/dev/.elan/toolchains/leanprover--lean4---v4.32.2/bin/../lib/lean/libleanshared.so(IO.withStdout [boxed] spec at IO.FS.withIsolatedStreams spec at Lean.Elab.Command.elabEvalCoreUnsafe+0x1b) [0x7c6dae8bde3b]
/home/dev/.elan/toolchains/leanprover--lean4---v4.32.2/bin/../lib/lean/libleanshared.so(<apply/3>+0x970) [0x7c6daf13a340]
/home/dev/.elan/toolchains/leanprover--lean4---v4.32.2/bin/../lib/lean/libleanshared.so(IO.withStdin [arity↓] spec at IO.FS.withIsolatedStreams spec at Lean.Elab.Command.elabEvalCoreUnsafe+0x52) [0x7c6dae8bd0e2]
/home/dev/.elan/toolchains/leanprover--lean4---v4.32.2/bin/../lib/lean/libleanshared.so(IO.FS.withIsolatedStreams [arity↓] spec at Lean.Elab.Command.elabEvalCoreUnsafe+0x106) [0x7c6dae8bdf96]
/home/dev/.elan/toolchains/leanprover--lean4---v4.32.2/bin/../lib/lean/libleanshared.so(Lean.Elab.Command.elabEvalCoreUnsafe+0x4af) [0x7c6dae8c0a0f]
/home/dev/.elan/toolchains/leanprover--lean4---v4.32.2/bin/../lib/lean/libleanshared.so(Lean.Elab.Command.elabEval+0xaf) [0x7c6dae8c3f8f]
/home/dev/.elan/toolchains/leanprover--lean4---v4.32.2/bin/../lib/lean/libleanshared.so(Lean.Elab.Command.elabEval [boxed]+0xf) [0x7c6dae8c406f]
/home/dev/.elan/toolchains/leanprover--lean4---v4.32.2/bin/../lib/lean/libleanshared.so(<apply/3>+0xaf1) [0x7c6daf13a4c1]
/home/dev/.elan/toolchains/leanprover--lean4---v4.32.2/bin/../lib/lean/libleanshared.so(Lean.Elab.withInfoTreeContext [arity↓] spec at Lean.Elab.Command.elabCommandUsing+0xd5) [0x7c6dab03f365]
/home/dev/.elan/toolchains/leanprover--lean4---v4.32.2/bin/../lib/lean/libleanshared.so(Lean.Elab.withInfoTreeContext [boxed] spec at Lean.Elab.Command.elabCommandUsing+0x1b) [0x7c6dab03f8fb]
/home/dev/.elan/toolchains/leanprover--lean4---v4.32.2/bin/../lib/lean/libleanshared.so(<apply/3>+0x970) [0x7c6daf13a340]
/home/dev/.elan/toolchains/leanprover--lean4---v4.32.2/bin/../lib/lean/libleanshared.so(Lean.Elab.Command.elabCommandUsing [private]+0x25e) [0x7c6dab04065e]
/home/dev/.elan/toolchains/leanprover--lean4---v4.32.2/bin/../lib/lean/libleanshared.so(Lean.Elab.Command.elabCommand.go [boxed, λ, private]+0xf) [0x7c6dab057adf]
/home/dev/.elan/toolchains/leanprover--lean4---v4.32.2/bin/../lib/lean/libleanshared.so(<apply/3>+0x8ff) [0x7c6daf13a2cf]
/home/dev/.elan/toolchains/leanprover--lean4---v4.32.2/bin/../lib/lean/libleanshared.so(Lean.Elab.Command.elabCommand.go [λ, private]+0x34c) [0x7c6dab0432fc]
/home/dev/.elan/toolchains/leanprover--lean4---v4.32.2/bin/../lib/lean/libleanshared.so(Lean.Elab.Command.elabCommand.go [boxed, λ, private]+0xf) [0x7c6dab0439af]
/home/dev/.elan/toolchains/leanprover--lean4---v4.32.2/bin/../lib/lean/libleanshared.so(<apply/3>+0x8ff) [0x7c6daf13a2cf]
/home/dev/.elan/toolchains/leanprover--lean4---v4.32.2/bin/../lib/lean/libleanshared.so(Lean.Elab.withLogging spec at Lean.Elab.Command.elabCommand.go+0x41) [0x7c6dab042e11]
/home/dev/.elan/toolchains/leanprover--lean4---v4.32.2/bin/../lib/lean/libleanshared.so(Lean.Elab.Command.elabCommand+0x13) [0x7c6dab04b0d3]
/home/dev/.elan/toolchains/leanprover--lean4---v4.32.2/bin/../lib/lean/libleanshared.so(Lean.Elab.Command.elabCommandTopLevel [λ]+0x4a0) [0x7c6dab05bf40]
/home/dev/.elan/toolchains/leanprover--lean4---v4.32.2/bin/../lib/lean/libleanshared.so(Lean.Elab.Command.elabCommandTopLevel [boxed, λ]+0xf) [0x7c6dab05c6df]
/home/dev/.elan/toolchains/leanprover--lean4---v4.32.2/bin/../lib/lean/libleanshared.so(<apply/3>+0x970) [0x7c6daf13a340]
/home/dev/.elan/toolchains/leanprover--lean4---v4.32.2/bin/../lib/lean/libleanshared.so(Lean.Elab.Command.withInitQuotContext+0x7f2) [0x7c6dab059dd2]
/home/dev/.elan/toolchains/leanprover--lean4---v4.32.2/bin/../lib/lean/libleanshared.so(Lean.Elab.Command.elabCommandTopLevel [λ]+0x795) [0x7c6dab05ced5]
/home/dev/projects/cerberus-lean-proj/worktrees/cerberus-lean-audit/enum-premerge-20260920/scripts/capped: line 55: 89869 Aborted                 (core dumped) "$@"
