cerberus-lean-proj env: switch=/home/dev/projects/cerberus-lean-proj/cerberus-lean/_opam, git redirects active
Release evidence: /home/dev/projects/cerberus-lean-proj/worktrees/cerberus-lean-audit/enum-premerge-20260920/.tmp/enum-premerge/full
RUN A1: ./scripts/test_unit.sh
PASSED A1 (237.1s)
RUN A2: ./scripts/test_exec.sh --check-baseline
PASSED A2 (29.2s)
RUN A3: ./scripts/test_exec.sh --check-baseline=scripts/exec_coverage_baseline.txt tests/coverage
PASSED A3 (53.0s)
RUN A4: ./scripts/test_exec.sh --check-baseline=scripts/exec_debug_baseline.txt tests/debug
PASSED A4 (23.8s)
RUN A4b: ./scripts/test_exec.sh --check-baseline=scripts/exec_float_baseline.txt tests/float
PASSED A4b (25.4s)
RUN A4c: ./scripts/test_bytes.sh
PASSED A4c (3.3s)
RUN A5: ./scripts/test_libc_exec.sh
PASSED A5 (23.3s)
RUN A6: ./scripts/test_multi_tu.sh
PASSED A6 (2.3s)
RUN A6b: ./scripts/test_multi_tu.sh --failure-class-projection tests/multi_tu_tray
PASSED A6b (3.7s)
RUN A7: ./scripts/test_parse.sh
PASSED A7 (10.9s)
RUN A8: ./scripts/test_core.sh
PASSED A8 (9.3s)
RUN A9: ./scripts/test_elab.sh
PASSED A9 (17.4s)
RUN A10: ./scripts/test_libxml2_uri.sh
PASSED A10 (17.3s)
RUN A11: ./scripts/test_cn_coverage.sh --check-baseline
PASSED A11 (62.0s)
RUN A12.1: ./scripts/test_address_space.sh --selftest
PASSED A12.1 (6.2s)
RUN A12.2: ./scripts/test_address_space.sh
PASSED A12.2 (6.3s)
RUN B1: ./scripts/test_libxml2.sh
PASSED B1 (671.3s)
RUN B2: ./scripts/test_parse.sh tests/ci
PASSED B2 (24.7s)
RUN B3: ./scripts/test_core.sh tests/ci
PASSED B3 (16.0s)
RUN B4: ./scripts/test_verify.sh
PASSED B4 (47.4s)
RUN B5: ./scripts/test_immaculate.sh
PASSED B5 (73.7s)
RUN B6.1: ./scripts/test_speclab.sh --selftest
PASSED B6.1 (167.1s)
RUN B6.2: ./scripts/test_speclab.sh --plant
PASSED B6.2 (2.3s)
RUN B6.3: ./scripts/test_speclab_divmod.sh --gate
PASSED B6.3 (9.8s)
RUN B6.4: ./scripts/test_speclab_bytearr.sh --gate
PASSED B6.4 (9.1s)
RUN B6.5: ./scripts/test_speclab_list.sh --gate
PASSED B6.5 (9.7s)
RUN B6.6: ./scripts/test_speclab_tree.sh --gate
PASSED B6.6 (10.5s)
RUN B6.7: ./scripts/test_speclab_seed.sh --gate
PASSED B6.7 (9.2s)
RUN B7: ./scripts/test_gcc_oracle.sh --check-baseline
PASSED B7 (1344.1s)
RUN B8.1: ./scripts/test_hang_plant.sh
PASSED B8.1 (13.4s)
RUN B8.2: ./scripts/test_kill_plant.sh
PASSED B8.2 (265.1s)
RUN B8.3: ./scripts/test_fuel_plant.sh
PASSED B8.3 (6.6s)
RUN B8.4: ./scripts/test_failstop_plant.sh
PASSED B8.4 (16.6s)
RUN B9: python3 scripts/test_observation_lanes.py
PASSED B9 (1387.8s)
RUN B10.1: python3 scripts/test_upstream_oracle.py
PASSED B10.1 (119.8s)
RUN B10.2: python3 scripts/test_upstream_oracle.py --plant
PASSED B10.2 (1.8s)
RUN B11.1: ./scripts/check_failure_reach.sh --selftest
PASSED B11.1 (15.7s)
RUN B11.2: ./scripts/check_failure_reach.sh
PASSED B11.2 (6.9s)
RUN B12: python3 scripts/test_upstream_oracle.py --corpus libxml2_chvalid
PASSED B12 (424.6s)
full: passed; 39/39 selected commands completed successfully.
Source unchanged: True. Complete tier selection: True.
Release certification: incomplete: reporting/adoption/audit exits require separate evidence.
