cerberus-lean-proj env: switch=/home/dev/projects/cerberus-lean-proj/cerberus-lean/_opam, git redirects active
⚠ [3/35] Replayed LemLib
warning: LemLib.lean:1203:17: unused variable `cmp`

Note: This linter can be disabled with `set_option linter.unusedVariables false`
⚠ [18/35] Replayed LemLib.Word
warning: LemLib/Word.lean:147:43: unused variable `len`

Note: This linter can be disabled with `set_option linter.unusedVariables false`
⚠ [27/35] Replayed LemLib.List_extra
warning: LemLib/List_extra.lean:26:82: unused variable `xs`

Note: This linter can be disabled with `set_option linter.unusedVariables false`
warning: LemLib/List_extra.lean:29:68: unused variable `x`

Note: This linter can be disabled with `set_option linter.unusedVariables false`
⚠ [30/35] Replayed LemLib.Machine_word
warning: LemLib/Machine_word.lean:52:40: unused variable `x`

Note: This linter can be disabled with `set_option linter.unusedVariables false`
✔ [33/35] Built Neg_nonlifted_assert (155ms)
✖ [34/35] Building Neg_nonlifted_assert_auxiliary (164ms)
trace: .> LEAN_PATH=/home/dev/projects/cerberus-lean-proj/worktrees/cerberus-lean-arc/program-data-parameters/.tmp/pdp-s0/lean-lib/.lake/build/lib/lean:/home/dev/projects/cerberus-lean-proj/worktrees/cerberus-lean-arc/program-data-parameters/.tmp/pdp-s0/probe/.lake/build/lib/lean /home/dev/.elan/toolchains/leanprover--lean4---v4.28.0/bin/lean -DautoImplicit=false /home/dev/projects/cerberus-lean-proj/worktrees/cerberus-lean-arc/program-data-parameters/.tmp/pdp-s0/probe/Neg_nonlifted_assert_auxiliary.lean -o /home/dev/projects/cerberus-lean-proj/worktrees/cerberus-lean-arc/program-data-parameters/.tmp/pdp-s0/probe/.lake/build/lib/lean/Neg_nonlifted_assert_auxiliary.olean -i /home/dev/projects/cerberus-lean-proj/worktrees/cerberus-lean-arc/program-data-parameters/.tmp/pdp-s0/probe/.lake/build/lib/lean/Neg_nonlifted_assert_auxiliary.ilean -c /home/dev/projects/cerberus-lean-proj/worktrees/cerberus-lean-arc/program-data-parameters/.tmp/pdp-s0/probe/.lake/build/ir/Neg_nonlifted_assert_auxiliary.c --setup /home/dev/projects/cerberus-lean-proj/worktrees/cerberus-lean-arc/program-data-parameters/.tmp/pdp-s0/probe/.lake/build/ir/Neg_nonlifted_assert_auxiliary.setup.json --json
error: Neg_nonlifted_assert_auxiliary.lean:28:18: Unknown identifier `_lemReader_digest`
error: Neg_nonlifted_assert_auxiliary.lean:28:36: Unknown identifier `_lemReader_enum_defs`
error: Neg_nonlifted_assert_auxiliary.lean:28:57: Unknown identifier `_lemReader_tagDefs`
error: Lean exited with code 1
Some required targets logged failures:
- Neg_nonlifted_assert_auxiliary
error: build failed
